edusys_project\model\Student_.class
edusys_project\view\FrameStudyPlanManagementMaintenance.class
edusys_project\view\PanelTableStudyPlan.class
edusys_project\controller\tables\CoursesTableController.class
edusys_project\view\FrameUsersManagement.class
edusys_project\view\FrameCarrers$1.class
edusys_project\view\FrameSign_In.class
edusys_project\controller\JPA\NotificationsJpaController.class
edusys_project\view\FrameOptions.class
edusys_project\view\FrameStudyPlan.class
edusys_project\model\Careers.class
edusys_project\model\Modulo.class
edusys_project\model\StudyPlan_.class
edusys_project\view\PanelTableCourse.class
edusys_project\controller\StudyPlanManagementController.class
edusys_project\view\FrameCoursesManagement.class
edusys_project\view\FrameCareersManagementMaintenance.class
edusys_project\controller\JPA\CourseJpaController.class
edusys_project\model\Careers_.class
edusys_project\view\PanelUsersManagement$1.class
edusys_project\view\SideBarButtonsPanel.class
edusys_project\controller\MainMenuController.class
edusys_project\model\Cycle_.class
edusys_project\model\Student.class
edusys_project\controller\JPA\ModuleJpaController.class
edusys_project\model\Course_.class
edusys_project\model\Notifications_.class
edusys_project\controller\JPA\exceptions\IllegalOrphanException.class
edusys_project\view\Panel_Nav$1.class
edusys_project\controller\UsersController.class
edusys_project\view\SideBarButtonsPanel$1.class
edusys_project\view\PanelTable.class
edusys_project\model\Users.class
edusys_project\controller\JPA\ProfileJpaController.class
edusys_project\view\PanelTableCareers$1.class
edusys_project\model\Modulo_.class
edusys_project\model\StudyPlan.class
edusys_project\model\Users_.class
edusys_project\controller\JPA\exceptions\NonexistentEntityException.class
edusys_project\view\PanelCoursesManagement$1.class
edusys_project\controller\CareersController.class
edusys_project\view\PanelTableUsers$1.class
edusys_project\view\PanelStudyPlanManagementAndMaintenance.class
edusys_project\controller\tables\CareersTableController.class
edusys_project\view\PanelEduSys.class
edusys_project\view\FrameUsers.class
edusys_project\model\Groups.class
edusys_project\view\PanelTableCourse$1.class
edusys_project\view\PanelCoursesManagement$2.class
edusys_project\view\PanelCoursesManagement.class
edusys_project\view\PanelJtable.class
edusys_project\view\PanelTableStudyPlan$1.class
edusys_project\controller\CoursesController.class
edusys_project\view\PanelTxtSignIn.class
edusys_project\model\Activities_.class
edusys_project\controller\LoginController.class
edusys_project\controller\SignInController.class
edusys_project\controller\tables\StudyPlanTableController.class
edusys_project\controller\JPA\exceptions\PreexistingEntityException.class
edusys_project\model\Profile.class
edusys_project\model\Profile_.class
edusys_project\view\FramePrincipal.class
edusys_project\controller\JPA\ActivitiesJpaController.class
edusys_project\view\PanelCareersManagementAndMaintenance.class
edusys_project\model\Notifications.class
edusys_project\view\FrameCareers.class
edusys_project\controller\OptionsController.class
edusys_project\controller\JPA\StudyPlanJpaController.class
edusys_project\model\StudentPK.class
edusys_project\controller\JPA\CycleJpaController.class
edusys_project\view\FrameCarrers.class
edusys_project\model\Activities.class
edusys_project\view\PanelTxtSignIn$1.class
edusys_project\controller\JPA\StudentJpaController.class
edusys_project\view\PanelUsersManagement.class
edusys_project\controller\JPA\GroupsJpaController.class
edusys_project\model\Course.class
edusys_project\model\StudentPK_.class
edusys_project\view\Frame_MainMenu.class
edusys_project\view\Panel_Nav_Menu.class
edusys_project\controller\JPA\UsersJpaController.class
edusys_project\view\FrameDataTable.class
edusys_project\view\Panel_Buttons_Menu.class
edusys_project\view\PanelTableCareers.class
edusys_project\view\PanelCRUD.class
edusys_project\controller\tables\UsersTableController.class
edusys_project\view\Panel_Nav.class
edusys_project\model\Groups_.class
edusys_project\controller\JPA\CareersJpaController.class
edusys_project\view\FrameCourses.class
edusys_project\view\PanelTableUsers.class
edusys_project\view\PanelBtnSingIn.class
edusys_project\model\Cycle.class
edusys_project\controller\StudyPlanController.class
edusys_project\view\PanelBtnOptions.class
