C:\Descargas\Progra\EduSys_Project\EduSys_Project\EduSys_Project\src\main\java\edusys_project\controller\JPA\CareersJpaController.java
C:\Descargas\Progra\EduSys_Project\EduSys_Project\EduSys_Project\src\main\java\edusys_project\view\FrameOptions.java
C:\Descargas\Progra\EduSys_Project\EduSys_Project\EduSys_Project\src\main\java\edusys_project\controller\tables\UsersTableController.java
C:\Descargas\Progra\EduSys_Project\EduSys_Project\EduSys_Project\src\main\java\edusys_project\model\Modulo.java
C:\Descargas\Progra\EduSys_Project\EduSys_Project\EduSys_Project\src\main\java\edusys_project\view\PanelStudyPlanManagementAndMaintenance.java
C:\Descargas\Progra\EduSys_Project\EduSys_Project\EduSys_Project\src\main\java\edusys_project\controller\JPA\exceptions\PreexistingEntityException.java
C:\Descargas\Progra\EduSys_Project\EduSys_Project\EduSys_Project\src\main\java\edusys_project\model\Groups.java
C:\Descargas\Progra\EduSys_Project\EduSys_Project\EduSys_Project\src\main\java\edusys_project\view\PanelTxtSignIn.java
C:\Descargas\Progra\EduSys_Project\EduSys_Project\EduSys_Project\src\main\java\edusys_project\view\PanelTableStudyPlan.java
C:\Descargas\Progra\EduSys_Project\EduSys_Project\EduSys_Project\src\main\java\edusys_project\controller\MainMenuController.java
C:\Descargas\Progra\EduSys_Project\EduSys_Project\EduSys_Project\src\main\java\edusys_project\view\FrameUsers.java
C:\Descargas\Progra\EduSys_Project\EduSys_Project\EduSys_Project\src\main\java\edusys_project\view\PanelJtable.java
C:\Descargas\Progra\EduSys_Project\EduSys_Project\EduSys_Project\src\main\java\edusys_project\view\PanelCoursesManagement.java
C:\Descargas\Progra\EduSys_Project\EduSys_Project\EduSys_Project\src\main\java\edusys_project\controller\JPA\CourseJpaController.java
C:\Descargas\Progra\EduSys_Project\EduSys_Project\EduSys_Project\src\main\java\edusys_project\view\SideBarButtonsPanel.java
C:\Descargas\Progra\EduSys_Project\EduSys_Project\EduSys_Project\src\main\java\edusys_project\model\Notifications.java
C:\Descargas\Progra\EduSys_Project\EduSys_Project\EduSys_Project\src\main\java\edusys_project\controller\JPA\exceptions\IllegalOrphanException.java
C:\Descargas\Progra\EduSys_Project\EduSys_Project\EduSys_Project\src\main\java\edusys_project\view\PanelTableCourse.java
C:\Descargas\Progra\EduSys_Project\EduSys_Project\EduSys_Project\src\main\java\edusys_project\controller\JPA\ModuleJpaController.java
C:\Descargas\Progra\EduSys_Project\EduSys_Project\EduSys_Project\src\main\java\edusys_project\controller\OptionsController.java
C:\Descargas\Progra\EduSys_Project\EduSys_Project\EduSys_Project\src\main\java\edusys_project\model\Careers.java
C:\Descargas\Progra\EduSys_Project\EduSys_Project\EduSys_Project\src\main\java\edusys_project\view\FrameCareersManagementMaintenance.java
C:\Descargas\Progra\EduSys_Project\EduSys_Project\EduSys_Project\src\main\java\edusys_project\controller\JPA\GroupsJpaController.java
C:\Descargas\Progra\EduSys_Project\EduSys_Project\EduSys_Project\src\main\java\edusys_project\view\FrameCareers.java
C:\Descargas\Progra\EduSys_Project\EduSys_Project\EduSys_Project\src\main\java\edusys_project\view\PanelTableCareers.java
C:\Descargas\Progra\EduSys_Project\EduSys_Project\EduSys_Project\src\main\java\edusys_project\model\Activities.java
C:\Descargas\Progra\EduSys_Project\EduSys_Project\EduSys_Project\src\main\java\edusys_project\view\PanelCareersManagementAndMaintenance.java
C:\Descargas\Progra\EduSys_Project\EduSys_Project\EduSys_Project\src\main\java\edusys_project\view\Panel_Nav.java
C:\Descargas\Progra\EduSys_Project\EduSys_Project\EduSys_Project\src\main\java\edusys_project\controller\CareersController.java
C:\Descargas\Progra\EduSys_Project\EduSys_Project\EduSys_Project\src\main\java\edusys_project\model\Course.java
C:\Descargas\Progra\EduSys_Project\EduSys_Project\EduSys_Project\src\main\java\edusys_project\model\Cycle.java
C:\Descargas\Progra\EduSys_Project\EduSys_Project\EduSys_Project\src\main\java\edusys_project\controller\JPA\ProfileJpaController.java
C:\Descargas\Progra\EduSys_Project\EduSys_Project\EduSys_Project\src\main\java\edusys_project\controller\tables\StudyPlanTableController.java
C:\Descargas\Progra\EduSys_Project\EduSys_Project\EduSys_Project\src\main\java\edusys_project\view\FrameCarrers.java
C:\Descargas\Progra\EduSys_Project\EduSys_Project\EduSys_Project\src\main\java\edusys_project\model\Student.java
C:\Descargas\Progra\EduSys_Project\EduSys_Project\EduSys_Project\src\main\java\edusys_project\controller\JPA\NotificationsJpaController.java
C:\Descargas\Progra\EduSys_Project\EduSys_Project\EduSys_Project\src\main\java\edusys_project\view\PanelBtnSingIn.java
C:\Descargas\Progra\EduSys_Project\EduSys_Project\EduSys_Project\src\main\java\edusys_project\view\Frame_MainMenu.java
C:\Descargas\Progra\EduSys_Project\EduSys_Project\EduSys_Project\src\main\java\edusys_project\controller\StudyPlanController.java
C:\Descargas\Progra\EduSys_Project\EduSys_Project\EduSys_Project\src\main\java\edusys_project\controller\SignInController.java
C:\Descargas\Progra\EduSys_Project\EduSys_Project\EduSys_Project\src\main\java\edusys_project\view\FrameCoursesManagement.java
C:\Descargas\Progra\EduSys_Project\EduSys_Project\EduSys_Project\src\main\java\edusys_project\controller\CoursesController.java
C:\Descargas\Progra\EduSys_Project\EduSys_Project\EduSys_Project\src\main\java\edusys_project\controller\LoginController.java
C:\Descargas\Progra\EduSys_Project\EduSys_Project\EduSys_Project\src\main\java\edusys_project\view\FrameCourses.java
C:\Descargas\Progra\EduSys_Project\EduSys_Project\EduSys_Project\src\main\java\edusys_project\controller\JPA\UsersJpaController.java
C:\Descargas\Progra\EduSys_Project\EduSys_Project\EduSys_Project\src\main\java\edusys_project\view\FramePrincipal.java
C:\Descargas\Progra\EduSys_Project\EduSys_Project\EduSys_Project\src\main\java\edusys_project\controller\JPA\StudyPlanJpaController.java
C:\Descargas\Progra\EduSys_Project\EduSys_Project\EduSys_Project\src\main\java\edusys_project\model\Profile.java
C:\Descargas\Progra\EduSys_Project\EduSys_Project\EduSys_Project\src\main\java\edusys_project\view\PanelTable.java
C:\Descargas\Progra\EduSys_Project\EduSys_Project\EduSys_Project\src\main\java\edusys_project\view\FrameSign_In.java
C:\Descargas\Progra\EduSys_Project\EduSys_Project\EduSys_Project\src\main\java\edusys_project\view\PanelEduSys.java
C:\Descargas\Progra\EduSys_Project\EduSys_Project\EduSys_Project\src\main\java\edusys_project\controller\JPA\CycleJpaController.java
C:\Descargas\Progra\EduSys_Project\EduSys_Project\EduSys_Project\src\main\java\edusys_project\controller\JPA\StudentJpaController.java
C:\Descargas\Progra\EduSys_Project\EduSys_Project\EduSys_Project\src\main\java\edusys_project\view\Panel_Buttons_Menu.java
C:\Descargas\Progra\EduSys_Project\EduSys_Project\EduSys_Project\src\main\java\edusys_project\view\FrameStudyPlanManagementMaintenance.java
C:\Descargas\Progra\EduSys_Project\EduSys_Project\EduSys_Project\src\main\java\edusys_project\model\StudyPlan.java
C:\Descargas\Progra\EduSys_Project\EduSys_Project\EduSys_Project\src\main\java\edusys_project\view\PanelCRUD.java
C:\Descargas\Progra\EduSys_Project\EduSys_Project\EduSys_Project\src\main\java\edusys_project\view\PanelTableUsers.java
C:\Descargas\Progra\EduSys_Project\EduSys_Project\EduSys_Project\src\main\java\edusys_project\controller\tables\CareersTableController.java
C:\Descargas\Progra\EduSys_Project\EduSys_Project\EduSys_Project\src\main\java\edusys_project\view\PanelUsersManagement.java
C:\Descargas\Progra\EduSys_Project\EduSys_Project\EduSys_Project\src\main\java\edusys_project\controller\JPA\ActivitiesJpaController.java
C:\Descargas\Progra\EduSys_Project\EduSys_Project\EduSys_Project\src\main\java\edusys_project\controller\tables\CoursesTableController.java
C:\Descargas\Progra\EduSys_Project\EduSys_Project\EduSys_Project\src\main\java\edusys_project\view\FrameUsersManagement.java
C:\Descargas\Progra\EduSys_Project\EduSys_Project\EduSys_Project\src\main\java\edusys_project\model\StudentPK.java
C:\Descargas\Progra\EduSys_Project\EduSys_Project\EduSys_Project\src\main\java\edusys_project\controller\JPA\exceptions\NonexistentEntityException.java
C:\Descargas\Progra\EduSys_Project\EduSys_Project\EduSys_Project\src\main\java\edusys_project\controller\StudyPlanManagementController.java
C:\Descargas\Progra\EduSys_Project\EduSys_Project\EduSys_Project\src\main\java\edusys_project\view\FrameDataTable.java
C:\Descargas\Progra\EduSys_Project\EduSys_Project\EduSys_Project\src\main\java\edusys_project\model\Users.java
C:\Descargas\Progra\EduSys_Project\EduSys_Project\EduSys_Project\src\main\java\edusys_project\view\Panel_Nav_Menu.java
C:\Descargas\Progra\EduSys_Project\EduSys_Project\EduSys_Project\src\main\java\edusys_project\controller\UsersController.java
C:\Descargas\Progra\EduSys_Project\EduSys_Project\EduSys_Project\src\main\java\edusys_project\view\PanelBtnOptions.java
C:\Descargas\Progra\EduSys_Project\EduSys_Project\EduSys_Project\src\main\java\edusys_project\view\FrameStudyPlan.java
